Microchip MPLAB XC8 Compiler V2.05 ()

Linker command line:

-W-3 --edf=C:\Program Files (x86)\Microchip\xc8\v2.05\pic\dat\en_msgs.txt \
  -cs -h+dist/default/production\Abi.production.sym \
  --cmf=dist/default/production\Abi.production.cmf -z -Q18F4550 \
  -oC:\Users\admin\AppData\Local\Temp\s3gs.2 --defsym=__MPLAB_BUILD=1 \
  -Mdist/default/production/Abi.production.map -E1 -ver=XC8 --acfsm=1493 \
  -ASTACK=0108h-07FFh -pstack=STACK \
  -ACODE=02000h-02005h,02008h-02015h,02018h-07FFFh \
  -ACONST=02000h-02005h,02008h-02015h,02018h-07FFFh \
  -ASMALLCONST=02000h-02005h,02008h-02015h,02018h-020FFh,02100h-021FFhx95 \
  -AMEDIUMCONST=02000h-02005h,02008h-02015h,02018h-07FFFh -ACOMRAM=01h-05Fh \
  -AABS1=00h-07FFh -ABIGRAM=01h-07FFh -ARAM=060h-0FFh,0100h-01FFhx7 \
  -ABANK0=060h-0FFh -ABANK1=0100h-01FFh -ABANK2=0200h-02FFh \
  -ABANK3=0300h-03FFh -ABANK4=0400h-04FFh -ABANK5=0500h-05FFh \
  -ABANK6=0600h-06FFh -ABANK7=0700h-07FFh -ASFR=0F60h-0FFFh \
  -preset_vec=00h,intcode=08h,intcodelo,powerup,init -pramtop=0800h \
  -psmallconst=SMALLCONST -pmediumconst=MEDIUMCONST -pconst=CONST \
  -AFARRAM=00h-00h -ACONFIG=0300000h-030000Dh -pconfig=CONFIG \
  -AIDLOC=0200000h-0200007h -pidloc=IDLOC -AEEDATA=0F00000h-0F000FFh \
  -peeprom_data=EEDATA \
  -prdata=COMRAM,nvrram=COMRAM,nvbit=COMRAM,rbss=COMRAM,rbit=COMRAM \
  -pfarbss=FARRAM,fardata=FARRAM,nvFARRAM=FARRAM \
  -pintsave_regs=BIGRAM,bigbss=BIGRAM,bigdata=BIGRAM -pbss=RAM \
  -pidata=CODE,irdata=CODE,ibigdata=CODE,ifardata=CODE -prparam=COMRAM \
  C:\Users\admin\AppData\Local\Temp\s3gs.o \
  dist/default/production\Abi.production.o 

Object code version is 3.11

Machine type is 18F4550

Call graph: (short form)




                Name                               Link     Load   Length Selector   Space Scale
C:\Users\admin\AppData\Local\Temp\s3gs.o
                init                                  E        E        4        4       0
                reset_vec                             0        0        4        0       0
                idloc                            200000   200000        8   200000       0
                config                           300000   300000        E   300000       0
dist/default/production\Abi.production.o
                intcode                               8        8        6        4       0
                temp                                 5F       5F        1        1       1
                smallconst                         2100     2100       FC     1080       0
                text27                             341E     341E        C     1A0F       0
                text26                             33F0     33F0       12     193C       0
                text25                             342A     342A        A     1A0F       0
                intcode_body                       2556     2556      2B4     10FE       0
                text23                             33A0     33A0       20     193C       0
                text22                             3402     3402        E     193C       0
                text21                             2A06     2A06      188     10FE       0
                text20                             3354     3354       2C     193C       0
                text19                             33C0     33C0       1A     193C       0
                text18                             3380     3380       20     193C       0
                text17                             2FAC     2FAC       AC     10FE       0
                text16                             32EE     32EE       38     193C       0
                text15                             2008     2008        E     1004       0
                text14                             3146     3146       58     10FE       0
                text13                             3278     3278       3C     193C       0
                text12                             280A     280A      1FC     10FE       0
                text11                             32B4     32B4       3A     193C       0
                text10                             2B8E     2B8E      140     10FE       0
                text9                              2EFE     2EFE       AE     10FE       0
                text8                              2E4C     2E4C       B2     10FE       0
                text7                              2D9A     2D9A       B2     10FE       0
                text6                              2CCE     2CCE       CC     10FE       0
                text5                              319E     319E       56     10FE       0
                text4                              31F4     31F4       46     10FE       0
                text3                              3058     3058       7C     10FE       0
                text2                              21FC     21FC      35A     10FE       0
                text1                              33DA     33DA       16     193C       0
                text0                              3326     3326       2E     193C       0
                cstackCOMRAM                          1        1       30        1       1
                bssBANK1                            100      100        8      100       1
                dataBANK0                            C1       C1       3D       60       1
                bssBANK0                             60       60       61       60       1
                dataCOMRAM                           52       52        D        1       1
                bssCOMRAM                            31       31       21        1       1
                cinit                              30D4     30D4       72     10FE       0
                nvBANK0                              FE       FE        2       60       1
                idataBANK0                         323A     323A       3D     10FE       0
                idataCOMRAM                        3410     3410        D     193C       0

TOTAL           Name                               Link     Load   Length     Space
        CLASS   STACK          

        CLASS   CODE           
                intcode                               8        8        6         0
                init                                  E        E        4         0
                reset_vec                             0        0        4         0
                text27                             341E     341E        C         0
                text26                             33F0     33F0       12         0
                text25                             342A     342A        A         0
                intcode_body                       2556     2556      2B4         0
                text23                             33A0     33A0       20         0
                text22                             3402     3402        E         0
                text21                             2A06     2A06      188         0
                text20                             3354     3354       2C         0
                text19                             33C0     33C0       1A         0
                text18                             3380     3380       20         0
                text17                             2FAC     2FAC       AC         0
                text16                             32EE     32EE       38         0
                text15                             2008     2008        E         0
                text14                             3146     3146       58         0
                text13                             3278     3278       3C         0
                text12                             280A     280A      1FC         0
                text11                             32B4     32B4       3A         0
                text10                             2B8E     2B8E      140         0
                text9                              2EFE     2EFE       AE         0
                text8                              2E4C     2E4C       B2         0
                text7                              2D9A     2D9A       B2         0
                text6                              2CCE     2CCE       CC         0
                text5                              319E     319E       56         0
                text4                              31F4     31F4       46         0
                text3                              3058     3058       7C         0
                text2                              21FC     21FC      35A         0
                text1                              33DA     33DA       16         0
                text0                              3326     3326       2E         0
                cinit                              30D4     30D4       72         0
                idataBANK0                         323A     323A       3D         0
                idataCOMRAM                        3410     3410        D         0

        CLASS   CONST          

        CLASS   SMALLCONST     
                smallconst                         2100     2100       FC         0

        CLASS   MEDIUMCONST    

        CLASS   COMRAM         
                temp                                 5F       5F        1         1
                cstackCOMRAM                          1        1       30         1
                dataCOMRAM                           52       52        D         1
                bssCOMRAM                            31       31       21         1

        CLASS   ABS1           

        CLASS   BIGRAM         

        CLASS   RAM            

        CLASS   BANK0          
                dataBANK0                            C1       C1       3D         1
                bssBANK0                             60       60       61         1
                nvBANK0                              FE       FE        2         1

        CLASS   BANK1          
                bssBANK1                            100      100        8         1

        CLASS   BANK2          

        CLASS   BANK3          

        CLASS   BANK4          

        CLASS   BANK5          

        CLASS   BANK6          

        CLASS   BANK7          

        CLASS   SFR            

        CLASS   FARRAM         

        CLASS   CONFIG         
                config                           300000   300000        E         0

        CLASS   IDLOC          
                idloc                            200000   200000        8         0

        CLASS   EEDATA         



SEGMENTS        Name                           Load    Length   Top    Selector   Space  Class

                reset_vec                      000000  000004  000004         0       0  CODE    
                cstackCOMRAM                   000001  00005F  000060         1       1  COMRAM  
                intcode                        000008  00000A  000012         4       0  CODE    
                bssBANK0                       000060  0000A0  000100        60       1  BANK0   
                bssBANK1                       000100  000008  000108       100       1  BANK1   
                text15                         002008  00000E  002016      1004       0  CODE    
                smallconst                     002100  0000FC  0021FC      1080       0  SMALLCON
                text2                          0021FC  00107B  003277      10FE       0  CODE    
                text13                         003278  0001A5  00341D      193C       0  CODE    
                text27                         00341E  000016  003434      1A0F       0  CODE    
                idloc                          200000  000008  200008    200000       0  IDLOC   
                config                         300000  00000E  30000E    300000       0  CONFIG  


UNUSED ADDRESS RANGES

        Name                Unused          Largest block    Delta
        BANK1            000108-0001FF               F8
        BANK2            000200-0002FF              100
        BANK3            000300-0003FF              100
        BANK4            000400-0004FF              100
        BANK5            000500-0005FF              100
        BANK6            000600-0006FF              100
        BANK7            000700-0007FF              100
        BIGRAM           000108-0007FF              6F8
        CODE             002000-002005                6
                         002018-0020FF               E8
                         003277-003277                1
                         00341D-00341D                1
                         003434-007FFF             4BCC
        CONST            002000-002005                6
                         002018-0020FF               E8
                         003277-003277                1
                         00341D-00341D                1
                         003434-007FFF             4BCC
        EEDATA           F00000-F000FF              100
        MEDIUMCONST      002000-002005                6
                         002018-0020FF               E8
                         003277-003277                1
                         00341D-00341D                1
                         003434-007FFF             4BCC
        RAM              000108-0007FF              100
        SFR              000F60-000FFF               A0
        SMALLCONST       002000-002005                6
                         002018-0020FF               E8
                         003277-003277                1
                         00341D-00341D                1
                         003434-007FFF              100
        STACK            000108-0007FF              6F8

                                  Symbol Table

?___aldiv                 cstackCOMRAM 00000D
?___almod                 cstackCOMRAM 00001F
?___lmul                  cstackCOMRAM 000001
?_obtener_ADC10           cstackCOMRAM 000001
?_readADC                 cstackCOMRAM 00001B
Botones13@Estado_BOT      bssCOMRAM    00004E
LCD_init@i                cstackCOMRAM 000003
LCD_init@i_690            cstackCOMRAM 000007
LCD_init@i_691            cstackCOMRAM 00000B
LCD_init@i_692            cstackCOMRAM 00000F
LCD_init@i_693            cstackCOMRAM 000013
LCD_init@i_694            cstackCOMRAM 000017
Leds13@i                  dataCOMRAM   00005C
Send4Disp@Nro_Disp        dataCOMRAM   00005B
_ADCON0bits               (abs)        000FC2
_ADCON1                   (abs)        000FC1
_ADCON2                   (abs)        000FC0
_ADRESH                   (abs)        000FC4
_ADRESL                   (abs)        000FC3
_BAUDCONbits              (abs)        000FB8
_CCP1CONbits              (abs)        000FBD
_CCPR1L                   (abs)        000FBE
_CMCON                    (abs)        000FB4
_EEADR                    (abs)        000FA9
_EECON1bits               (abs)        000FA6
_EECON2                   (abs)        000FA7
_EEDATA                   (abs)        000FA8
_EstadoDeLosBotones       bssCOMRAM    000051
_INT0IE                   (abs)        007F94
_INT0IF                   (abs)        007F91
_INT1IE                   (abs)        007F83
_INT1IF                   (abs)        007F80
_INTCON2bits              (abs)        000FF1
_INTCON3bits              (abs)        000FF0
_INTCONbits               (abs)        000FF2
_LATA                     (abs)        000F89
_LATAbits                 (abs)        000F89
_LATB                     (abs)        000F8A
_LATC                     (abs)        000F8B
_LATCbits                 (abs)        000F8B
_LATD                     (abs)        000F8C
_LATDbits                 (abs)        000F8C
_LATE                     (abs)        000F8D
_LATEbits                 (abs)        000F8D
_LCD_init                 text21       002A06
_LCD_tout                 nvBANK0      0000FE
_LowerByte                bssBANK0     0000C0
_MedioPeriodoSet          bssCOMRAM    000035
_Multiplicador            bssBANK0     0000BF
_MultiplicadorSet         bssBANK0     0000BE
_OffsetPeriodo            dataBANK0    0000FD
_PIE1bits                 (abs)        000F9D
_PIR1bits                 (abs)        000F9E
_PORTA                    (abs)        000F80
_PORTB                    (abs)        000F81
_PORTBbits                (abs)        000F81
_PORTDbits                (abs)        000F83
_PORTEbits                (abs)        000F84
_PR2                      (abs)        000FCB
_PicIni21                 text20       003354
_RBIE                     (abs)        007F93
_RBIF                     (abs)        007F90
_RBIP                     (abs)        007F88
_RBPU                     (abs)        007F8F
_RCREG                    (abs)        000FAE
_RCSTAbits                (abs)        000FAB
_SPBRG                    (abs)        000FAF
_SPBRGH                   (abs)        000FB0
_T0CONbits                (abs)        000FD5
_T1CONbits                (abs)        000FCD
_T2CONbits                (abs)        000FCA
_TIMER0_INI               text19       0033C0
_TIMER1_INI               text18       003380
_TMR0H                    (abs)        000FD7
_TMR0IF                   (abs)        007F92
_TMR0L                    (abs)        000FD6
_TMR0ON                   (abs)        007EAF
_TMR1H                    (abs)        000FCF
_TMR1IF                   (abs)        007CF0
_TMR1L                    (abs)        000FCE
_TMR1ON                   (abs)        007E68
_TRISA                    (abs)        000F92
_TRISAbits                (abs)        000F92
_TRISB                    (abs)        000F93
_TRISBbits                (abs)        000F93
_TRISC                    (abs)        000F94
_TRISCbits                (abs)        000F94
_TRISD                    (abs)        000F95
_TRISDbits                (abs)        000F95
_TRISE                    (abs)        000F96
_TRISEbits                (abs)        000F96
_TXREG                    (abs)        000FAD
_TXSTAbits                (abs)        000FAC
_UpperByte                dataCOMRAM   00005A
__CFG_BOR$ON              (abs)        000000
__CFG_BORV$3              (abs)        000000
__CFG_CP0$OFF             (abs)        000000
__CFG_CP1$OFF             (abs)        000000
__CFG_CPB$OFF             (abs)        000000
__CFG_CPUDIV$OSC1_PLL2    (abs)        000000
__CFG_EBTR0$OFF           (abs)        000000
__CFG_EBTR1$OFF           (abs)        000000
__CFG_EBTRB$OFF           (abs)        000000
__CFG_FCMEN$OFF           (abs)        000000
__CFG_FOSC$HSPLL_HS       (abs)        000000
__CFG_IESO$OFF            (abs)        000000
__CFG_LPT1OSC$OFF         (abs)        000000
__CFG_LVP$OFF             (abs)        000000
__CFG_MCLRE$ON            (abs)        000000
__CFG_PBADEN$OFF          (abs)        000000
__CFG_PLLDIV$5            (abs)        000000
__CFG_PWRT$OFF            (abs)        000000
__CFG_STVREN$ON           (abs)        000000
__CFG_USBDIV$2            (abs)        000000
__CFG_VREGEN$ON           (abs)        000000
__CFG_WDT$OFF             (abs)        000000
__CFG_WDTPS$32768         (abs)        000000
__CFG_WRT0$OFF            (abs)        000000
__CFG_WRT1$OFF            (abs)        000000
__CFG_WRTB$OFF            (abs)        000000
__CFG_WRTC$OFF            (abs)        000000
__CFG_XINST$OFF           (abs)        000000
__HRAM                    (abs)        000000
__Habs1                   abs1         000000
__Hbank0                  bank0        000000
__Hbank1                  bank1        000000
__Hbank2                  bank2        000000
__Hbank3                  bank3        000000
__Hbank4                  bank4        000000
__Hbank5                  bank5        000000
__Hbank6                  bank6        000000
__Hbank7                  bank7        000000
__Hbigbss                 bigbss       000000
__Hbigdata                bigdata      000000
__Hbigram                 bigram       000000
__Hbss                    bss          000000
__HbssBANK0               bssBANK0     000000
__HbssBANK1               bssBANK1     000000
__HbssCOMRAM              bssCOMRAM    000000
__Hcinit                  cinit        000000
__Hclrtext                clrtext      000000
__Hcomram                 comram       000000
__Hconfig                 config       30000E
__Hconst                  const        000000
__HcstackCOMRAM           cstackCOMRAM 000000
__Hdata                   data         000000
__HdataBANK0              dataBANK0    000000
__HdataCOMRAM             dataCOMRAM   000000
__Heeprom_data            eeprom_data  000000
__Hfarbss                 farbss       000000
__Hfardata                fardata      000000
__Hibigdata               ibigdata     000000
__Hidata                  idata        000000
__HidataBANK0             idataBANK0   000000
__HidataCOMRAM            idataCOMRAM  000000
__Hidloc                  idloc        200008
__Hifardata               ifardata     000000
__Hinit                   init         000012
__Hintcode                intcode      00000E
__Hintcode_body           intcode_body 000000
__Hintcodelo              intcodelo    00000E
__Hintentry               intentry     000000
__Hintret                 intret       000000
__Hintsave_regs           intsave_regs 000000
__Hirdata                 irdata       000000
__Hmediumconst            mediumconst  000000
__HnvBANK0                nvBANK0      000000
__HnvFARRAM               nvFARRAM     000000
__Hnvbit                  nvbit        000000
__Hnvrram                 nvrram       000000
__Hparam                  rparam       000000
__Hpowerup                powerup      00000E
__Hram                    ram          000000
__Hramtop                 ramtop       000800
__Hrbit                   rbit         000000
__Hrbss                   rbss         000000
__Hrdata                  rdata        000000
__Hreset_vec              reset_vec    000004
__Hrparam                 rparam       000000
__Hsfr                    sfr          000000
__Hsmallconst             smallconst   0021FC
__Hspace_0                (abs)        30000E
__Hspace_1                (abs)        000108
__Hspace_2                (abs)        000000
__Hstack                  stack        000000
__Hstruct                 struct       000000
__Htemp                   temp         000060
__Htext                   text         000000
__Htext0                  text0        000000
__Htext1                  text1        000000
__Htext10                 text10       000000
__Htext11                 text11       000000
__Htext12                 text12       000000
__Htext13                 text13       000000
__Htext14                 text14       000000
__Htext15                 text15       000000
__Htext16                 text16       000000
__Htext17                 text17       000000
__Htext18                 text18       000000
__Htext19                 text19       000000
__Htext2                  text2        000000
__Htext20                 text20       000000
__Htext21                 text21       000000
__Htext22                 text22       000000
__Htext23                 text23       000000
__Htext25                 text25       000000
__Htext26                 text26       000000
__Htext27                 text27       000000
__Htext3                  text3        000000
__Htext4                  text4        000000
__Htext5                  text5        000000
__Htext6                  text6        000000
__Htext7                  text7        000000
__Htext8                  text8        000000
__Htext9                  text9        000000
__LRAM                    (abs)        000001
__Labs1                   abs1         000000
__Lbank0                  bank0        000000
__Lbank1                  bank1        000000
__Lbank2                  bank2        000000
__Lbank3                  bank3        000000
__Lbank4                  bank4        000000
__Lbank5                  bank5        000000
__Lbank6                  bank6        000000
__Lbank7                  bank7        000000
__Lbigbss                 bigbss       000000
__Lbigdata                bigdata      000000
__Lbigram                 bigram       000000
__Lbss                    bss          000000
__LbssBANK0               bssBANK0     000000
__LbssBANK1               bssBANK1     000000
__LbssCOMRAM              bssCOMRAM    000000
__Lcinit                  cinit        000000
__Lclrtext                clrtext      000000
__Lcomram                 comram       000000
__Lconfig                 config       300000
__Lconst                  const        000000
__LcstackCOMRAM           cstackCOMRAM 000000
__Ldata                   data         000000
__LdataBANK0              dataBANK0    000000
__LdataCOMRAM             dataCOMRAM   000000
__Leeprom_data            eeprom_data  000000
__Lfarbss                 farbss       000000
__Lfardata                fardata      000000
__Libigdata               ibigdata     000000
__Lidata                  idata        000000
__LidataBANK0             idataBANK0   000000
__LidataCOMRAM            idataCOMRAM  000000
__Lidloc                  idloc        200000
__Lifardata               ifardata     000000
__Linit                   init         00000E
__Lintcode                intcode      000008
__Lintcode_body           intcode_body 000000
__Lintcodelo              intcodelo    00000E
__Lintentry               intentry     000000
__Lintret                 intret       000000
__Lintsave_regs           intsave_regs 000000
__Lirdata                 irdata       000000
__Lmediumconst            mediumconst  000000
__LnvBANK0                nvBANK0      000000
__LnvFARRAM               nvFARRAM     000000
__Lnvbit                  nvbit        000000
__Lnvrram                 nvrram       000000
__Lparam                  rparam       000000
__Lpowerup                powerup      00000E
__Lram                    ram          000000
__Lramtop                 ramtop       000800
__Lrbit                   rbit         000000
__Lrbss                   rbss         000000
__Lrdata                  rdata        000000
__Lreset_vec              reset_vec    000000
__Lrparam                 rparam       000000
__Lsfr                    sfr          000000
__Lsmallconst             smallconst   002100
__Lspace_0                (abs)        000000
__Lspace_1                (abs)        000000
__Lspace_2                (abs)        000000
__Lstack                  stack        000000
__Lstruct                 struct       000000
__Ltemp                   temp         00005F
__Ltext                   text         000000
__Ltext0                  text0        000000
__Ltext1                  text1        000000
__Ltext10                 text10       000000
__Ltext11                 text11       000000
__Ltext12                 text12       000000
__Ltext13                 text13       000000
__Ltext14                 text14       000000
__Ltext15                 text15       000000
__Ltext16                 text16       000000
__Ltext17                 text17       000000
__Ltext18                 text18       000000
__Ltext19                 text19       000000
__Ltext2                  text2        000000
__Ltext20                 text20       000000
__Ltext21                 text21       000000
__Ltext22                 text22       000000
__Ltext23                 text23       000000
__Ltext25                 text25       000000
__Ltext26                 text26       000000
__Ltext27                 text27       000000
__Ltext3                  text3        000000
__Ltext4                  text4        000000
__Ltext5                  text5        000000
__Ltext6                  text6        000000
__Ltext7                  text7        000000
__Ltext8                  text8        000000
__Ltext9                  text9        000000
__S0                      (abs)        30000E
__S1                      (abs)        000108
__S2                      (abs)        000000
___aldiv                  text6        002CCE
___aldiv@counter          cstackCOMRAM 000015
___aldiv@dividend         cstackCOMRAM 00000D
___aldiv@divisor          cstackCOMRAM 000011
___aldiv@quotient         cstackCOMRAM 000017
___aldiv@sign             cstackCOMRAM 000016
___almod                  text17       002FAC
___almod@counter          cstackCOMRAM 000027
___almod@dividend         cstackCOMRAM 00001F
___almod@divisor          cstackCOMRAM 000023
___almod@sign             cstackCOMRAM 000028
___inthi_sp               stack        000000
___intlo_sp               stack        000000
___lmul                   text5        00319E
___lmul@multiplicand      cstackCOMRAM 000005
___lmul@multiplier        cstackCOMRAM 000001
___lmul@product           cstackCOMRAM 000009
___param_bank             (abs)        000000
___rparam_used            (abs)        000001
___sp                     stack        000000
__accesstop               (abs)        000060
__activetblptr            (abs)        000002
__end_of_LCD_init         text21       002B8E
__end_of_PicIni21         text20       003380
__end_of_TIMER0_INI       text19       0033DA
__end_of_TIMER1_INI       text18       0033A0
__end_of___aldiv          text6        002D9A
__end_of___almod          text17       003058
__end_of___lmul           text5        0031F4
__end_of__initialization  cinit        003138
__end_of_casos            text12       002A06
__end_of_char2LCD         text11       0032EE
__end_of_clear_LCD        text16       003326
__end_of_main             text0        003354
__end_of_marca_tecla      text27       00342A
__end_of_msg2LCD          text14       00319E
__end_of_myISR            intcode_body 00280A
__end_of_obtener_ADC10    text4        00323A
__end_of_pesoalto         text9        002FAC
__end_of_pesobajo         text8        002EFE
__end_of_pesomedio        text7        002E4C
__end_of_principal        text2        002556
__end_of_readADC          text3        0030D4
__end_of_set_CURSOR       text13       0032B4
__end_of_tecla            text10       002CCE
__end_of_tecladoIni13     text1        0033F0
__end_of_teclas           smallconst   00210D
__end_of_tic_LCD          text26       003402
__end_of_tic_teclado      text25       003434
__end_of_write_CMD        text22       003410
__end_of_write_DATA       text15       002016
__end_of_write_LCD        text23       0033C0
__initialization          cinit        0030D4
__mediumconst             mediumconst  000000
__pbssBANK0               bssBANK0     000060
__pbssBANK1               bssBANK1     000100
__pbssCOMRAM              bssCOMRAM    000031
__pcinit                  cinit        0030D4
__pcstackCOMRAM           cstackCOMRAM 000001
__pdataBANK0              dataBANK0    0000C1
__pdataCOMRAM             dataCOMRAM   000052
__pidataBANK0             idataBANK0   00323A
__pidataCOMRAM            idataCOMRAM  003410
__pintcode                intcode      000008
__pintcode_body           intcode_body 002556
__pnvBANK0                nvBANK0      0000FE
__psmallconst             smallconst   002100
__ptext0                  text0        003326
__ptext1                  text1        0033DA
__ptext10                 text10       002B8E
__ptext11                 text11       0032B4
__ptext12                 text12       00280A
__ptext13                 text13       003278
__ptext14                 text14       003146
__ptext15                 text15       002008
__ptext16                 text16       0032EE
__ptext17                 text17       002FAC
__ptext18                 text18       003380
__ptext19                 text19       0033C0
__ptext2                  text2        0021FC
__ptext20                 text20       003354
__ptext21                 text21       002A06
__ptext22                 text22       003402
__ptext23                 text23       0033A0
__ptext25                 text25       00342A
__ptext26                 text26       0033F0
__ptext27                 text27       00341E
__ptext3                  text3        003058
__ptext4                  text4        0031F4
__ptext5                  text5        00319E
__ptext6                  text6        002CCE
__ptext7                  text7        002D9A
__ptext8                  text8        002E4C
__ptext9                  text9        002EFE
__ramtop                  ramtop       000800
__size_of_LCD_init        (abs)        000000
__size_of_PicIni21        (abs)        000000
__size_of_TIMER0_INI      (abs)        000000
__size_of_TIMER1_INI      (abs)        000000
__size_of___aldiv         (abs)        000000
__size_of___almod         (abs)        000000
__size_of___lmul          (abs)        000000
__size_of_casos           (abs)        000000
__size_of_char2LCD        (abs)        000000
__size_of_clear_LCD       (abs)        000000
__size_of_main            (abs)        000000
__size_of_marca_tecla     (abs)        000000
__size_of_msg2LCD         (abs)        000000
__size_of_myISR           (abs)        000000
__size_of_obtener_ADC10   (abs)        000000
__size_of_pesoalto        (abs)        000000
__size_of_pesobajo        (abs)        000000
__size_of_pesomedio       (abs)        000000
__size_of_principal       (abs)        000000
__size_of_readADC         (abs)        000000
__size_of_set_CURSOR      (abs)        000000
__size_of_tecla           (abs)        000000
__size_of_tecladoIni13    (abs)        000000
__size_of_tic_LCD         (abs)        000000
__size_of_tic_teclado     (abs)        000000
__size_of_write_CMD       (abs)        000000
__size_of_write_DATA      (abs)        000000
__size_of_write_LCD       (abs)        000000
__smallconst              smallconst   002100
_a                        dataCOMRAM   000052
_alto                     dataBANK0    0000ED
_alto3                    dataBANK0    0000D1
_b                        dataBANK0    0000E9
_bajo                     dataBANK0    0000F5
_bajo3                    dataBANK0    0000D9
_bot_tout                 bssCOMRAM    00004F
_c                        dataBANK0    0000E5
_casos                    text12       00280A
_cent                     dataBANK0    0000CD
_char2LCD                 text11       0032B4
_clear_LCD                text16       0032EE
_col                      dataCOMRAM   000056
_cont_inicio              dataBANK0    0000F9
_cont_siete               dataBANK0    0000DD
_contdes_a                dataBANK0    0000E1
_cuatro                   bssBANK0     000084
_dec                      bssBANK0     0000AC
_delay_kb                 bssCOMRAM    00003A
_desplazar_tout           bssBANK0     0000BC
_encoderTout              bssCOMRAM    00003D
_fa                       bssBANK0     000088
_fb                       bssBANK0     00008C
_fila                     dataCOMRAM   000057
_flag                     bssBANK0     000090
_flag2                    bssBANK0     0000A0
_flag3                    bssBANK0     00009C
_flag4                    bssBANK0     000098
_flag5                    bssBANK0     000094
_flag6                    bssBANK1     000104
_flag7                    bssBANK1     000100
_flagCanal                bssCOMRAM    00003C
_flag_etapa2              bssBANK0     0000B4
_flag_inicio              bssBANK0     0000B8
_flag_kb                  bssCOMRAM    00003B
_flag_siete               bssBANK0     00007C
_flagalto                 bssBANK0     000060
_flagbajo                 bssBANK0     000068
_flagdes                  bssBANK0     000080
_flagmedio                bssBANK0     000064
_frecuencia               dataCOMRAM   00005D
_guarda_ADC               bssBANK0     0000B0
_kilos                    bssCOMRAM    000031
_led_tout                 bssCOMRAM    000037
_main                     text0        003326
_marca_tecla              text27       00341E
_maximoEncoder            bssCOMRAM    000040
_medio                    dataBANK0    0000F1
_medio3                   dataBANK0    0000D5
_minimoEncoder            bssCOMRAM    00003F
_msg2LCD                  text14       003146
_multi                    bssBANK0     0000A4
_mux_tout                 bssCOMRAM    000050
_myISR                    intcode      000008
_obtener_ADC10            text4        0031F4
_pesoalto                 text9        002EFE
_pesobajo                 text8        002E4C
_pesomedio                text7        002D9A
_posicionEncoder          bssCOMRAM    00003E
_principal                text2        0021FC
_principal$2717           cstackCOMRAM 00002D
_readADC                  text3        003058
_seisalto                 dataBANK0    0000C1
_seisbajo                 dataBANK0    0000C9
_seismedio                dataBANK0    0000C5
_set_CURSOR               text13       003278
_t1                       bssBANK0     000078
_t2                       bssBANK0     000074
_t3                       bssBANK0     000070
_tecla                    text10       002B8E
_tecladoIni13             text1        0033DA
_teclas                   smallconst   002101
_tic_LCD                  text26       0033F0
_tic_teclado              text25       00342A
_uni                      bssBANK0     0000A8
_write_CMD                text22       003402
_write_DATA               text15       002008
_write_LCD                text23       0033A0
_y1                       bssBANK0     00006C
btemp                     temp         00005F
char2LCD@dato             cstackCOMRAM 000003
char2LCD@i                cstackCOMRAM 000004
clear_LCD@i               cstackCOMRAM 000003
debounce@cnt0             bssCOMRAM    00004C
debounce@cnt1             bssCOMRAM    00004B
debounce@state            bssCOMRAM    00004D
demo_shield2_1@Desplazar  bssCOMRAM    000045
demo_shield2_1@PrimeraVez bssCOMRAM    000046
demo_shield2_1@cont       bssCOMRAM    000044
demo_shield2_1@cont1      bssCOMRAM    000043
demo_shield2_1@cont2      bssCOMRAM    000042
demo_shield2_1@cont3      bssCOMRAM    000041
demo_shield2_1@flag0      bssCOMRAM    00004A
demo_shield2_1@flag1      bssCOMRAM    000049
demo_shield2_1@flag2      bssCOMRAM    000048
demo_shield2_1@flag3      bssCOMRAM    000047
end_of_initialization     cinit        003138
int$flags                 temp         00005F
int_func                  intcode_body 002556
intlevel0                 text         000000
intlevel1                 text         000000
intlevel2                 text         000000
intlevel3                 text         000000
msg2LCD@datos             cstackCOMRAM 000003
msg2LCD@i                 cstackCOMRAM 000005
obtener_ADC10@GuardoPorta cstackCOMRAM 000003
obtener_ADC10@GuardoTrisa cstackCOMRAM 000004
obtener_ADC10@ad_res      cstackCOMRAM 000005
set_CURSOR@i              cstackCOMRAM 000004
set_CURSOR@posi           cstackCOMRAM 000003
stackhi                   (abs)        0007FF
stacklo                   (abs)        000108
start                     init         00000E
start_initialization      cinit        0030D4
tecla@status_KB           bssCOMRAM    000039
tecla@tecla_KB            cstackCOMRAM 000003
tic_debounce@debounce_tic dataCOMRAM   000059
tic_encoder@estado        dataCOMRAM   000058
ttemp5                    temp         000060
ttemp6                    temp         000063
ttemp7                    temp         000067
write_CMD@dato            cstackCOMRAM 000002
write_DATA@dato           cstackCOMRAM 000002
write_LCD@dato            cstackCOMRAM 000001
wtemp8                    temp         000060


FUNCTION INFORMATION:

 *************** function _main *****************
 Defined at:
		line 90 in file "main.c"
 Parameters:    Size  Location     Type
		None
 Auto vars:     Size  Location     Type
		None
 Return value:  Size  Location     Type
                  1    wreg      void 
 Registers used:
		wreg, status,2, status,0, tblptrl, tblptrh, tblptru, prodl, prodh, cstack
 Tracked objects:
		On entry : 
		On exit  : 
		Unchanged: 
 Data sizes:     COMRAM   BANK0   BANK1   BANK2   BANK3   BANK4   BANK5   BANK6   BANK7
      Params:         0       0       0       0       0       0       0       0       0
      Locals:         0       0       0       0       0       0       0       0       0
      Temps:          0       0       0       0       0       0       0       0       0
      Totals:         0       0       0       0       0       0       0       0       0
Total ram usage:        0 bytes
 Hardware stack levels required when called:    7
 This function calls:
		_LCD_init
		_PicIni21
		_TIMER0_INI
		_TIMER1_INI
		_principal
		_tecladoIni13
 This function is called by:
		Startup code after reset
 This function uses a non-reentrant model


 *************** function _tecladoIni13 *****************
 Defined at:
		line 42 in file "teclado.c"
 Parameters:    Size  Location     Type
		None
 Auto vars:     Size  Location     Type
		None
 Return value:  Size  Location     Type
                  1    wreg      void 
 Registers used:
		wreg, status,2
 Tracked objects:
		On entry : 
		On exit  : 
		Unchanged: 
 Data sizes:     COMRAM   BANK0   BANK1   BANK2   BANK3   BANK4   BANK5   BANK6   BANK7
      Params:         0       0       0       0       0       0       0       0       0
      Locals:         0       0       0       0       0       0       0       0       0
      Temps:          0       0       0       0       0       0       0       0       0
      Totals:         0       0       0       0       0       0       0       0       0
Total ram usage:        0 bytes
 Hardware stack levels used:    1
 Hardware stack levels required when called:    2
 This function calls:
		Nothing
 This function is called by:
		_main
 This function uses a non-reentrant model


 *************** function _principal *****************
 Defined at:
		line 265 in file "main.c"
 Parameters:    Size  Location     Type
		None
 Auto vars:     Size  Location     Type
		None
 Return value:  Size  Location     Type
                  1    wreg      void 
 Registers used:
		wreg, status,2, status,0, tblptrl, tblptrh, tblptru, prodl, prodh, cstack
 Tracked objects:
		On entry : 
		On exit  : 
		Unchanged: 
 Data sizes:     COMRAM   BANK0   BANK1   BANK2   BANK3   BANK4   BANK5   BANK6   BANK7
      Params:         0       0       0       0       0       0       0       0       0
      Locals:         4       0       0       0       0       0       0       0       0
      Temps:          4       0       0       0       0       0       0       0       0
      Totals:         8       0       0       0       0       0       0       0       0
Total ram usage:        8 bytes
 Hardware stack levels used:    1
 Hardware stack levels required when called:    6
 This function calls:
		___aldiv
		___almod
		_casos
		_char2LCD
		_clear_LCD
		_msg2LCD
		_pesoalto
		_pesobajo
		_pesomedio
		_readADC
		_set_CURSOR
		_tecla
 This function is called by:
		_main
 This function uses a non-reentrant model


 *************** function _readADC *****************
 Defined at:
		line 120 in file "main.c"
 Parameters:    Size  Location     Type
		None
 Auto vars:     Size  Location     Type
		None
 Return value:  Size  Location     Type
                  4   26[COMRAM] long 
 Registers used:
		wreg, status,2, status,0, cstack
 Tracked objects:
		On entry : 
		On exit  : 
		Unchanged: 
 Data sizes:     COMRAM   BANK0   BANK1   BANK2   BANK3   BANK4   BANK5   BANK6   BANK7
      Params:         4       0       0       0       0       0       0       0       0
      Locals:         0       0       0       0       0       0       0       0       0
      Temps:          0       0       0       0       0       0       0       0       0
      Totals:         4       0       0       0       0       0       0       0       0
Total ram usage:        4 bytes
 Hardware stack levels used:    1
 Hardware stack levels required when called:    3
 This function calls:
		___aldiv
		___lmul
		_obtener_ADC10
 This function is called by:
		_principal
 This function uses a non-reentrant model


 *************** function _obtener_ADC10 *****************
 Defined at:
		line 154 in file "Tecnica1.c"
 Parameters:    Size  Location     Type
		None
 Auto vars:     Size  Location     Type
  ad_res          2    4[COMRAM] unsigned int 
  GuardoTrisa     1    3[COMRAM] unsigned char 
  GuardoPorta     1    2[COMRAM] unsigned char 
 Return value:  Size  Location     Type
                  2    0[COMRAM] unsigned int 
 Registers used:
		wreg, status,2, status,0
 Tracked objects:
		On entry : 
		On exit  : 
		Unchanged: 
 Data sizes:     COMRAM   BANK0   BANK1   BANK2   BANK3   BANK4   BANK5   BANK6   BANK7
      Params:         2       0       0       0       0       0       0       0       0
      Locals:         4       0       0       0       0       0       0       0       0
      Temps:          0       0       0       0       0       0       0       0       0
      Totals:         6       0       0       0       0       0       0       0       0
Total ram usage:        6 bytes
 Hardware stack levels used:    1
 Hardware stack levels required when called:    2
 This function calls:
		Nothing
 This function is called by:
		_readADC
 This function uses a non-reentrant model


 *************** function ___lmul *****************
 Defined at:
		line 15 in file "C:\Program Files (x86)\Microchip\xc8\v2.05\pic\sources\c90\common\Umul32.c"
 Parameters:    Size  Location     Type
  multiplier      4    0[COMRAM] unsigned long 
  multiplicand    4    4[COMRAM] unsigned long 
 Auto vars:     Size  Location     Type
  product         4    8[COMRAM] unsigned long 
 Return value:  Size  Location     Type
                  4    0[COMRAM] unsigned long 
 Registers used:
		wreg, status,2, status,0
 Tracked objects:
		On entry : 
		On exit  : 
		Unchanged: 
 Data sizes:     COMRAM   BANK0   BANK1   BANK2   BANK3   BANK4   BANK5   BANK6   BANK7
      Params:         8       0       0       0       0       0       0       0       0
      Locals:         4       0       0       0       0       0       0       0       0
      Temps:          0       0       0       0       0       0       0       0       0
      Totals:        12       0       0       0       0       0       0       0       0
Total ram usage:       12 bytes
 Hardware stack levels used:    1
 Hardware stack levels required when called:    2
 This function calls:
		Nothing
 This function is called by:
		_readADC
 This function uses a non-reentrant model


 *************** function ___aldiv *****************
 Defined at:
		line 7 in file "C:\Program Files (x86)\Microchip\xc8\v2.05\pic\sources\c90\common\aldiv.c"
 Parameters:    Size  Location     Type
  dividend        4   12[COMRAM] long 
  divisor         4   16[COMRAM] long 
 Auto vars:     Size  Location     Type
  quotient        4   22[COMRAM] long 
  sign            1   21[COMRAM] unsigned char 
  counter         1   20[COMRAM] unsigned char 
 Return value:  Size  Location     Type
                  4   12[COMRAM] long 
 Registers used:
		wreg, status,2, status,0
 Tracked objects:
		On entry : 
		On exit  : 
		Unchanged: 
 Data sizes:     COMRAM   BANK0   BANK1   BANK2   BANK3   BANK4   BANK5   BANK6   BANK7
      Params:         8       0       0       0       0       0       0       0       0
      Locals:         6       0       0       0       0       0       0       0       0
      Temps:          0       0       0       0       0       0       0       0       0
      Totals:        14       0       0       0       0       0       0       0       0
Total ram usage:       14 bytes
 Hardware stack levels used:    1
 Hardware stack levels required when called:    2
 This function calls:
		Nothing
 This function is called by:
		_readADC
		_principal
		_CalculoDeFrecuencia
 This function uses a non-reentrant model


 *************** function _pesomedio *****************
 Defined at:
		line 437 in file "main.c"
 Parameters:    Size  Location     Type
		None
 Auto vars:     Size  Location     Type
		None
 Return value:  Size  Location     Type
                  1    wreg      void 
 Registers used:
		wreg, status,2, status,0, tblptrl, tblptrh, tblptru, prodl, prodh, cstack
 Tracked objects:
		On entry : 
		On exit  : 
		Unchanged: 
 Data sizes:     COMRAM   BANK0   BANK1   BANK2   BANK3   BANK4   BANK5   BANK6   BANK7
      Params:         0       0       0       0       0       0       0       0       0
      Locals:         0       0       0       0       0       0       0       0       0
      Temps:          0       0       0       0       0       0       0       0       0
      Totals:         0       0       0       0       0       0       0       0       0
Total ram usage:        0 bytes
 Hardware stack levels used:    1
 Hardware stack levels required when called:    5
 This function calls:
		_clear_LCD
		_msg2LCD
		_set_CURSOR
		_tecla
 This function is called by:
		_principal
 This function uses a non-reentrant model


 *************** function _pesobajo *****************
 Defined at:
		line 418 in file "main.c"
 Parameters:    Size  Location     Type
		None
 Auto vars:     Size  Location     Type
		None
 Return value:  Size  Location     Type
                  1    wreg      void 
 Registers used:
		wreg, status,2, status,0, tblptrl, tblptrh, tblptru, prodl, prodh, cstack
 Tracked objects:
		On entry : 
		On exit  : 
		Unchanged: 
 Data sizes:     COMRAM   BANK0   BANK1   BANK2   BANK3   BANK4   BANK5   BANK6   BANK7
      Params:         0       0       0       0       0       0       0       0       0
      Locals:         0       0       0       0       0       0       0       0       0
      Temps:          0       0       0       0       0       0       0       0       0
      Totals:         0       0       0       0       0       0       0       0       0
Total ram usage:        0 bytes
 Hardware stack levels used:    1
 Hardware stack levels required when called:    5
 This function calls:
		_clear_LCD
		_msg2LCD
		_set_CURSOR
		_tecla
 This function is called by:
		_principal
 This function uses a non-reentrant model


 *************** function _pesoalto *****************
 Defined at:
		line 456 in file "main.c"
 Parameters:    Size  Location     Type
		None
 Auto vars:     Size  Location     Type
		None
 Return value:  Size  Location     Type
                  1    wreg      void 
 Registers used:
		wreg, status,2, status,0, tblptrl, tblptrh, tblptru, prodl, prodh, cstack
 Tracked objects:
		On entry : 
		On exit  : 
		Unchanged: 
 Data sizes:     COMRAM   BANK0   BANK1   BANK2   BANK3   BANK4   BANK5   BANK6   BANK7
      Params:         0       0       0       0       0       0       0       0       0
      Locals:         0       0       0       0       0       0       0       0       0
      Temps:          0       0       0       0       0       0       0       0       0
      Totals:         0       0       0       0       0       0       0       0       0
Total ram usage:        0 bytes
 Hardware stack levels used:    1
 Hardware stack levels required when called:    5
 This function calls:
		_msg2LCD
		_set_CURSOR
		_tecla
 This function is called by:
		_principal
 This function uses a non-reentrant model


 *************** function _tecla *****************
 Defined at:
		line 53 in file "teclado.c"
 Parameters:    Size  Location     Type
		None
 Auto vars:     Size  Location     Type
  tecla_KB        1    2[COMRAM] unsigned char 
 Return value:  Size  Location     Type
                  1    wreg      unsigned char 
 Registers used:
		wreg, status,2, status,0, tblptrl, tblptrh, tblptru, prodl, prodh
 Tracked objects:
		On entry : 
		On exit  : 
		Unchanged: 
 Data sizes:     COMRAM   BANK0   BANK1   BANK2   BANK3   BANK4   BANK5   BANK6   BANK7
      Params:         0       0       0       0       0       0       0       0       0
      Locals:         1       0       0       0       0       0       0       0       0
      Temps:          2       0       0       0       0       0       0       0       0
      Totals:         3       0       0       0       0       0       0       0       0
Total ram usage:        3 bytes
 Hardware stack levels used:    1
 Hardware stack levels required when called:    2
 This function calls:
		Nothing
 This function is called by:
		_principal
		_pesobajo
		_pesomedio
		_pesoalto
 This function uses a non-reentrant model


 *************** function _char2LCD *****************
 Defined at:
		line 39 in file "lcd.c"
 Parameters:    Size  Location     Type
  dato            1    wreg     unsigned char 
 Auto vars:     Size  Location     Type
  dato            1    2[COMRAM] unsigned char 
  i               4    3[COMRAM] unsigned long 
 Return value:  Size  Location     Type
                  1    wreg      void 
 Registers used:
		wreg, status,2, status,0, cstack
 Tracked objects:
		On entry : 
		On exit  : 
		Unchanged: 
 Data sizes:     COMRAM   BANK0   BANK1   BANK2   BANK3   BANK4   BANK5   BANK6   BANK7
      Params:         0       0       0       0       0       0       0       0       0
      Locals:         5       0       0       0       0       0       0       0       0
      Temps:          0       0       0       0       0       0       0       0       0
      Totals:         5       0       0       0       0       0       0       0       0
Total ram usage:        5 bytes
 Hardware stack levels used:    1
 Hardware stack levels required when called:    4
 This function calls:
		_write_DATA
 This function is called by:
		_principal
		_demo_shield2_1
 This function uses a non-reentrant model


 *************** function _casos *****************
 Defined at:
		line 699 in file "main.c"
 Parameters:    Size  Location     Type
		None
 Auto vars:     Size  Location     Type
		None
 Return value:  Size  Location     Type
                  1    wreg      void 
 Registers used:
		wreg, status,2, status,0, tblptrl, tblptrh, tblptru, cstack
 Tracked objects:
		On entry : 
		On exit  : 
		Unchanged: 
 Data sizes:     COMRAM   BANK0   BANK1   BANK2   BANK3   BANK4   BANK5   BANK6   BANK7
      Params:         0       0       0       0       0       0       0       0       0
      Locals:         0       0       0       0       0       0       0       0       0
      Temps:          4       0       0       0       0       0       0       0       0
      Totals:         4       0       0       0       0       0       0       0       0
Total ram usage:        4 bytes
 Hardware stack levels used:    1
 Hardware stack levels required when called:    5
 This function calls:
		_clear_LCD
		_msg2LCD
		_set_CURSOR
 This function is called by:
		_principal
 This function uses a non-reentrant model


 *************** function _set_CURSOR *****************
 Defined at:
		line 64 in file "lcd.c"
 Parameters:    Size  Location     Type
  posi            1    wreg     unsigned char 
 Auto vars:     Size  Location     Type
  posi            1    2[COMRAM] unsigned char 
  i               4    3[COMRAM] unsigned long 
 Return value:  Size  Location     Type
                  1    wreg      void 
 Registers used:
		wreg, status,2, status,0, cstack
 Tracked objects:
		On entry : 
		On exit  : 
		Unchanged: 
 Data sizes:     COMRAM   BANK0   BANK1   BANK2   BANK3   BANK4   BANK5   BANK6   BANK7
      Params:         0       0       0       0       0       0       0       0       0
      Locals:         5       0       0       0       0       0       0       0       0
      Temps:          0       0       0       0       0       0       0       0       0
      Totals:         5       0       0       0       0       0       0       0       0
Total ram usage:        5 bytes
 Hardware stack levels used:    1
 Hardware stack levels required when called:    4
 This function calls:
		_write_CMD
 This function is called by:
		_principal
		_pesobajo
		_pesomedio
		_pesoalto
		_casos
		_demo_shield2_1
 This function uses a non-reentrant model


 *************** function _msg2LCD *****************
 Defined at:
		line 27 in file "lcd.c"
 Parameters:    Size  Location     Type
  datos           2    2[COMRAM] PTR const unsigned char 
		 -> STR_28(28), STR_27(5), STR_26(5), STR_25(5), 
		 -> STR_22(5), STR_21(13), STR_20(11), STR_19(13), 
		 -> STR_18(11), STR_17(11), STR_16(11), STR_15(14), 
		 -> STR_14(8), STR_13(15), STR_12(8), STR_11(15), 
		 -> STR_10(8), STR_9(15), STR_8(15), STR_7(15), 
		 -> STR_6(10), STR_5(16), STR_4(3), STR_3(14), 
		 -> STR_2(15), STR_1(15), 
 Auto vars:     Size  Location     Type
  i               4    4[COMRAM] unsigned long 
 Return value:  Size  Location     Type
                  1    wreg      void 
 Registers used:
		wreg, status,2, status,0, tblptrl, tblptrh, tblptru, cstack
 Tracked objects:
		On entry : 
		On exit  : 
		Unchanged: 
 Data sizes:     COMRAM   BANK0   BANK1   BANK2   BANK3   BANK4   BANK5   BANK6   BANK7
      Params:         2       0       0       0       0       0       0       0       0
      Locals:         4       0       0       0       0       0       0       0       0
      Temps:          0       0       0       0       0       0       0       0       0
      Totals:         6       0       0       0       0       0       0       0       0
Total ram usage:        6 bytes
 Hardware stack levels used:    1
 Hardware stack levels required when called:    4
 This function calls:
		_write_DATA
 This function is called by:
		_principal
		_pesobajo
		_pesomedio
		_pesoalto
		_casos
		_demo_shield2_1_INI
		_demo_shield2_1
 This function uses a non-reentrant model


 *************** function _write_DATA *****************
 Defined at:
		line 120 in file "lcd.c"
 Parameters:    Size  Location     Type
  dato            1    wreg     unsigned char 
 Auto vars:     Size  Location     Type
  dato            1    1[COMRAM] unsigned char 
 Return value:  Size  Location     Type
                  1    wreg      void 
 Registers used:
		wreg, status,2, status,0, cstack
 Tracked objects:
		On entry : 
		On exit  : 
		Unchanged: 
 Data sizes:     COMRAM   BANK0   BANK1   BANK2   BANK3   BANK4   BANK5   BANK6   BANK7
      Params:         0       0       0       0       0       0       0       0       0
      Locals:         1       0       0       0       0       0       0       0       0
      Temps:          0       0       0       0       0       0       0       0       0
      Totals:         1       0       0       0       0       0       0       0       0
Total ram usage:        1 bytes
 Hardware stack levels used:    1
 Hardware stack levels required when called:    3
 This function calls:
		_write_LCD
 This function is called by:
		_msg2LCD
		_char2LCD
 This function uses a non-reentrant model


 *************** function _clear_LCD *****************
 Defined at:
		line 48 in file "lcd.c"
 Parameters:    Size  Location     Type
		None
 Auto vars:     Size  Location     Type
  i               4    2[COMRAM] unsigned long 
 Return value:  Size  Location     Type
                  1    wreg      void 
 Registers used:
		wreg, status,2, status,0, cstack
 Tracked objects:
		On entry : 
		On exit  : 
		Unchanged: 
 Data sizes:     COMRAM   BANK0   BANK1   BANK2   BANK3   BANK4   BANK5   BANK6   BANK7
      Params:         0       0       0       0       0       0       0       0       0
      Locals:         4       0       0       0       0       0       0       0       0
      Temps:          0       0       0       0       0       0       0       0       0
      Totals:         4       0       0       0       0       0       0       0       0
Total ram usage:        4 bytes
 Hardware stack levels used:    1
 Hardware stack levels required when called:    4
 This function calls:
		_write_CMD
 This function is called by:
		_principal
		_pesobajo
		_pesomedio
		_casos
		_pesobajoetapa6
		_pesomedioetapa6
		_pesoaltoetapa6
		_demo_shield2_1_INI
		_demo_shield2_1
 This function uses a non-reentrant model


 *************** function ___almod *****************
 Defined at:
		line 7 in file "C:\Program Files (x86)\Microchip\xc8\v2.05\pic\sources\c90\common\almod.c"
 Parameters:    Size  Location     Type
  dividend        4   30[COMRAM] long 
  divisor         4   34[COMRAM] long 
 Auto vars:     Size  Location     Type
  sign            1   39[COMRAM] unsigned char 
  counter         1   38[COMRAM] unsigned char 
 Return value:  Size  Location     Type
                  4   30[COMRAM] long 
 Registers used:
		wreg, status,2, status,0
 Tracked objects:
		On entry : 
		On exit  : 
		Unchanged: 
 Data sizes:     COMRAM   BANK0   BANK1   BANK2   BANK3   BANK4   BANK5   BANK6   BANK7
      Params:         8       0       0       0       0       0       0       0       0
      Locals:         2       0       0       0       0       0       0       0       0
      Temps:          0       0       0       0       0       0       0       0       0
      Totals:        10       0       0       0       0       0       0       0       0
Total ram usage:       10 bytes
 Hardware stack levels used:    1
 Hardware stack levels required when called:    2
 This function calls:
		Nothing
 This function is called by:
		_principal
 This function uses a non-reentrant model


 *************** function _TIMER1_INI *****************
 Defined at:
		line 26 in file "Tecnica1.c"
 Parameters:    Size  Location     Type
		None
 Auto vars:     Size  Location     Type
		None
 Return value:  Size  Location     Type
                  1    wreg      void 
 Registers used:
		wreg, status,2
 Tracked objects:
		On entry : 
		On exit  : 
		Unchanged: 
 Data sizes:     COMRAM   BANK0   BANK1   BANK2   BANK3   BANK4   BANK5   BANK6   BANK7
      Params:         0       0       0       0       0       0       0       0       0
      Locals:         0       0       0       0       0       0       0       0       0
      Temps:          0       0       0       0       0       0       0       0       0
      Totals:         0       0       0       0       0       0       0       0       0
Total ram usage:        0 bytes
 Hardware stack levels used:    1
 Hardware stack levels required when called:    2
 This function calls:
		Nothing
 This function is called by:
		_main
		_demo_shield2_1_INI
 This function uses a non-reentrant model


 *************** function _TIMER0_INI *****************
 Defined at:
		line 13 in file "Tecnica1.c"
 Parameters:    Size  Location     Type
		None
 Auto vars:     Size  Location     Type
		None
 Return value:  Size  Location     Type
                  1    wreg      void 
 Registers used:
		wreg, status,2
 Tracked objects:
		On entry : 
		On exit  : 
		Unchanged: 
 Data sizes:     COMRAM   BANK0   BANK1   BANK2   BANK3   BANK4   BANK5   BANK6   BANK7
      Params:         0       0       0       0       0       0       0       0       0
      Locals:         0       0       0       0       0       0       0       0       0
      Temps:          0       0       0       0       0       0       0       0       0
      Totals:         0       0       0       0       0       0       0       0       0
Total ram usage:        0 bytes
 Hardware stack levels used:    1
 Hardware stack levels required when called:    2
 This function calls:
		Nothing
 This function is called by:
		_main
		_demo_shield2_1_INI
 This function uses a non-reentrant model


 *************** function _PicIni21 *****************
 Defined at:
		line 3 in file "ConfShield2_1.c"
 Parameters:    Size  Location     Type
		None
 Auto vars:     Size  Location     Type
		None
 Return value:  Size  Location     Type
                  1    wreg      void 
 Registers used:
		wreg, status,2
 Tracked objects:
		On entry : 
		On exit  : 
		Unchanged: 
 Data sizes:     COMRAM   BANK0   BANK1   BANK2   BANK3   BANK4   BANK5   BANK6   BANK7
      Params:         0       0       0       0       0       0       0       0       0
      Locals:         0       0       0       0       0       0       0       0       0
      Temps:          0       0       0       0       0       0       0       0       0
      Totals:         0       0       0       0       0       0       0       0       0
Total ram usage:        0 bytes
 Hardware stack levels used:    1
 Hardware stack levels required when called:    2
 This function calls:
		Nothing
 This function is called by:
		_main
		_demo_shield2_1_INI
 This function uses a non-reentrant model


 *************** function _LCD_init *****************
 Defined at:
		line 79 in file "lcd.c"
 Parameters:    Size  Location     Type
		None
 Auto vars:     Size  Location     Type
  i               4   22[COMRAM] unsigned long 
  i               4   18[COMRAM] unsigned long 
  i               4   14[COMRAM] unsigned long 
  i               4   10[COMRAM] unsigned long 
  i               4    6[COMRAM] unsigned long 
  i               4    2[COMRAM] unsigned long 
 Return value:  Size  Location     Type
                  1    wreg      void 
 Registers used:
		wreg, status,2, status,0, cstack
 Tracked objects:
		On entry : 
		On exit  : 
		Unchanged: 
 Data sizes:     COMRAM   BANK0   BANK1   BANK2   BANK3   BANK4   BANK5   BANK6   BANK7
      Params:         0       0       0       0       0       0       0       0       0
      Locals:        24       0       0       0       0       0       0       0       0
      Temps:          0       0       0       0       0       0       0       0       0
      Totals:        24       0       0       0       0       0       0       0       0
Total ram usage:       24 bytes
 Hardware stack levels used:    1
 Hardware stack levels required when called:    4
 This function calls:
		_write_CMD
 This function is called by:
		_main
		_demo_shield2_1_INI
 This function uses a non-reentrant model


 *************** function _write_CMD *****************
 Defined at:
		line 130 in file "lcd.c"
 Parameters:    Size  Location     Type
  dato            1    wreg     unsigned char 
 Auto vars:     Size  Location     Type
  dato            1    1[COMRAM] unsigned char 
 Return value:  Size  Location     Type
                  1    wreg      void 
 Registers used:
		wreg, status,2, status,0, cstack
 Tracked objects:
		On entry : 
		On exit  : 
		Unchanged: 
 Data sizes:     COMRAM   BANK0   BANK1   BANK2   BANK3   BANK4   BANK5   BANK6   BANK7
      Params:         0       0       0       0       0       0       0       0       0
      Locals:         1       0       0       0       0       0       0       0       0
      Temps:          0       0       0       0       0       0       0       0       0
      Totals:         1       0       0       0       0       0       0       0       0
Total ram usage:        1 bytes
 Hardware stack levels used:    1
 Hardware stack levels required when called:    3
 This function calls:
		_write_LCD
 This function is called by:
		_clear_LCD
		_set_CURSOR
		_LCD_init
		_ret_HOME
		_DesplazarIzquierda
 This function uses a non-reentrant model


 *************** function _write_LCD *****************
 Defined at:
		line 140 in file "lcd.c"
 Parameters:    Size  Location     Type
  dato            1    wreg     unsigned char 
 Auto vars:     Size  Location     Type
  dato            1    0[COMRAM] unsigned char 
 Return value:  Size  Location     Type
                  1    wreg      void 
 Registers used:
		wreg, status,2, status,0
 Tracked objects:
		On entry : 
		On exit  : 
		Unchanged: 
 Data sizes:     COMRAM   BANK0   BANK1   BANK2   BANK3   BANK4   BANK5   BANK6   BANK7
      Params:         0       0       0       0       0       0       0       0       0
      Locals:         1       0       0       0       0       0       0       0       0
      Temps:          0       0       0       0       0       0       0       0       0
      Totals:         1       0       0       0       0       0       0       0       0
Total ram usage:        1 bytes
 Hardware stack levels used:    1
 Hardware stack levels required when called:    2
 This function calls:
		Nothing
 This function is called by:
		_write_DATA
		_write_CMD
 This function uses a non-reentrant model


 *************** function _myISR *****************
 Defined at:
		line 128 in file "main.c"
 Parameters:    Size  Location     Type
		None
 Auto vars:     Size  Location     Type
		None
 Return value:  Size  Location     Type
                  1    wreg      void 
 Registers used:
		wreg, status,2, status,0, cstack
 Tracked objects:
		On entry : 
		On exit  : 
		Unchanged: 
 Data sizes:     COMRAM   BANK0   BANK1   BANK2   BANK3   BANK4   BANK5   BANK6   BANK7
      Params:         0       0       0       0       0       0       0       0       0
      Locals:         0       0       0       0       0       0       0       0       0
      Temps:          0       0       0       0       0       0       0       0       0
      Totals:         0       0       0       0       0       0       0       0       0
Total ram usage:        0 bytes
 Hardware stack levels used:    1
 Hardware stack levels required when called:    1
 This function calls:
		_marca_tecla
		_tic_LCD
		_tic_teclado
 This function is called by:
		Interrupt level 2
 This function uses a non-reentrant model


 *************** function _tic_teclado *****************
 Defined at:
		line 214 in file "teclado.c"
 Parameters:    Size  Location     Type
		None
 Auto vars:     Size  Location     Type
		None
 Return value:  Size  Location     Type
                  1    wreg      void 
 Registers used:
		wreg, status,2, status,0
 Tracked objects:
		On entry : 
		On exit  : 
		Unchanged: 
 Data sizes:     COMRAM   BANK0   BANK1   BANK2   BANK3   BANK4   BANK5   BANK6   BANK7
      Params:         0       0       0       0       0       0       0       0       0
      Locals:         0       0       0       0       0       0       0       0       0
      Temps:          0       0       0       0       0       0       0       0       0
      Totals:         0       0       0       0       0       0       0       0       0
Total ram usage:        0 bytes
 Hardware stack levels used:    1
 This function calls:
		Nothing
 This function is called by:
		_myISR
 This function uses a non-reentrant model


 *************** function _tic_LCD *****************
 Defined at:
		line 182 in file "lcd.c"
 Parameters:    Size  Location     Type
		None
 Auto vars:     Size  Location     Type
		None
 Return value:  Size  Location     Type
                  1    wreg      void 
 Registers used:
		wreg, status,2, status,0
 Tracked objects:
		On entry : 
		On exit  : 
		Unchanged: 
 Data sizes:     COMRAM   BANK0   BANK1   BANK2   BANK3   BANK4   BANK5   BANK6   BANK7
      Params:         0       0       0       0       0       0       0       0       0
      Locals:         0       0       0       0       0       0       0       0       0
      Temps:          0       0       0       0       0       0       0       0       0
      Totals:         0       0       0       0       0       0       0       0       0
Total ram usage:        0 bytes
 Hardware stack levels used:    1
 This function calls:
		Nothing
 This function is called by:
		_myISR
		_tic_demo_shield2_1
 This function uses a non-reentrant model


 *************** function _marca_tecla *****************
 Defined at:
		line 207 in file "teclado.c"
 Parameters:    Size  Location     Type
		None
 Auto vars:     Size  Location     Type
		None
 Return value:  Size  Location     Type
                  1    wreg      void 
 Registers used:
		wreg, status,2
 Tracked objects:
		On entry : 
		On exit  : 
		Unchanged: 
 Data sizes:     COMRAM   BANK0   BANK1   BANK2   BANK3   BANK4   BANK5   BANK6   BANK7
      Params:         0       0       0       0       0       0       0       0       0
      Locals:         0       0       0       0       0       0       0       0       0
      Temps:          0       0       0       0       0       0       0       0       0
      Totals:         0       0       0       0       0       0       0       0       0
Total ram usage:        0 bytes
 Hardware stack levels used:    1
 This function calls:
		Nothing
 This function is called by:
		_myISR
 This function uses a non-reentrant model



MODULE INFORMATION

Module		Function		Class		Link	Load	Size
teclado.c
		_tecladoIni13  		CODE           	33DA	0000	23
		_tecla         		CODE           	2B8E	0000	321
		_tic_teclado   		CODE           	342A	0000	11
		_marca_tecla   		CODE           	341E	0000	13

teclado.c estimated size: 368

C:\Program Files (x86)\Microchip\xc8\v2.05\pic\sources\c90\common\almod.c
		___almod       		CODE           	2FAC	0000	173

C:\Program Files (x86)\Microchip\xc8\v2.05\pic\sources\c90\common\almod.c estimated size: 173

ConfShield2_1.c
		_PicIni21      		CODE           	3354	0000	45

ConfShield2_1.c estimated size: 45

shared
		_teclas        		SMALLCONST     	2101	0000	13
		__initialization		CODE           	30D4	0000	101

shared estimated size: 114

C:\Program Files (x86)\Microchip\xc8\v2.05\pic\sources\c90\common\aldiv.c
		___aldiv       		CODE           	2CCE	0000	205

C:\Program Files (x86)\Microchip\xc8\v2.05\pic\sources\c90\common\aldiv.c estimated size: 205

C:\Program Files (x86)\Microchip\xc8\v2.05\pic\sources\c90\common\Umul32.c
		___lmul        		CODE           	319E	0000	87

C:\Program Files (x86)\Microchip\xc8\v2.05\pic\sources\c90\common\Umul32.c estimated size: 87

Tecnica1.c
		_TIMER1_INI    		CODE           	3380	0000	33
		_obtener_ADC10 		CODE           	31F4	0000	71
		_TIMER0_INI    		CODE           	33C0	0000	27

Tecnica1.c estimated size: 131

lcd.c
		_write_DATA    		CODE           	2008	0000	15
		_char2LCD      		CODE           	32B4	0000	59
		_msg2LCD       		CODE           	3146	0000	89
		_write_CMD     		CODE           	3402	0000	15
		_LCD_init      		CODE           	2A06	0000	393
		_write_LCD     		CODE           	33A0	0000	33
		_clear_LCD     		CODE           	32EE	0000	57
		_set_CURSOR    		CODE           	3278	0000	61
		_tic_LCD       		CODE           	33F0	0000	19

lcd.c estimated size: 741

main.c
		_pesobajo      		CODE           	2E4C	0000	179
		_myISR         		CODE           	0008	0000	699
		_pesomedio     		CODE           	2D9A	0000	179
		_main          		CODE           	3326	0000	47
		_casos         		CODE           	280A	0000	509
		_pesoalto      		CODE           	2EFE	0000	175
		_readADC       		CODE           	3058	0000	125
		_principal     		CODE           	21FC	0000	859

main.c estimated size: 2772

